Traceback (most recent call last):
  File "D:\桌面\autosub_zh\ui_server.py", line 243, in do_POST
    STATE["history"].append({"stage": stage, "payload": payload})
                         ^^^^^^^^^^^^^^^^^^^^^
KeyError: 'video_name'


Traceback (most recent call last):
  File "D:\桌面\autosub_zh\ui_server.py", line 243, in do_POST
    STATE["history"].append({"stage": stage, "payload": payload})
                         ^^^^^^^^^^^^^^^^^^^^^
KeyError: 'video_name'


Traceback (most recent call last):
  File "D:\桌面\autosub_zh\ui_server.py", line 456, in do_POST
    self._json_response({"ok": True, "opened": opened})
  File "D:\桌面\autosub_zh\ui_server.py", line 328, in _json_response
    self.send_response(status)
  File "C:\Users\bulbel\AppData\Local\Programs\Python\Python311\Lib\http\server.py", line 501, in send_response
    self.log_request(code)
  File "C:\Users\bulbel\AppData\Local\Programs\Python\Python311\Lib\http\server.py", line 553, in log_request
    self.log_message('"%s" %s %s',
  File "C:\Users\bulbel\AppData\Local\Programs\Python\Python311\Lib\http\server.py", line 596, in log_message
    sys.stderr.write("%s - - [%s] %s\n" %
OSError: [Errno 22] Invalid argument


Traceback (most recent call last):
  File "D:\桌面\autosub_zh\ui_server.py", line 348, in do_GET
    self._json_response(
  File "D:\桌面\autosub_zh\ui_server.py", line 328, in _json_response
    self.send_response(status)
  File "C:\Users\bulbel\AppData\Local\Programs\Python\Python311\Lib\http\server.py", line 501, in send_response
    self.log_request(code)
  File "C:\Users\bulbel\AppData\Local\Programs\Python\Python311\Lib\http\server.py", line 553, in log_request
    self.log_message('"%s" %s %s',
  File "C:\Users\bulbel\AppData\Local\Programs\Python\Python311\Lib\http\server.py", line 596, in log_message
    sys.stderr.write("%s - - [%s] %s\n" %
OSError: [Errno 22] Invalid argument


Traceback (most recent call last):
  File "D:\桌面\autosub_zh\ui_server.py", line 348, in do_GET
    self._json_response(
  File "D:\桌面\autosub_zh\ui_server.py", line 328, in _json_response
    self.send_response(status)
  File "C:\Users\bulbel\AppData\Local\Programs\Python\Python311\Lib\http\server.py", line 501, in send_response
    self.log_request(code)
  File "C:\Users\bulbel\AppData\Local\Programs\Python\Python311\Lib\http\server.py", line 553, in log_request
    self.log_message('"%s" %s %s',
  File "C:\Users\bulbel\AppData\Local\Programs\Python\Python311\Lib\http\server.py", line 596, in log_message
    sys.stderr.write("%s - - [%s] %s\n" %
OSError: [Errno 22] Invalid argument


Traceback (most recent call last):
  File "D:\桌面\autosub_zh\ui_server.py", line 456, in do_POST
    self._json_response({"ok": True, "audio": audio, "audios": collect_audios()})
    ^^^^^^^^^^^^^^^^^^^^^^^^^^^^^^^^^^^^^^^^^^^^^^^^^^^
  File "D:\桌面\autosub_zh\ui_server.py", line 328, in _json_response
    # 这里静音默认访问日志，避免请求成功后在日志阶段把连接打断。
    ^^^^^^^^^^^^^^^^^^
  File "C:\Users\bulbel\AppData\Local\Programs\Python\Python311\Lib\http\server.py", line 501, in send_response
    self.log_request(code)
  File "C:\Users\bulbel\AppData\Local\Programs\Python\Python311\Lib\http\server.py", line 553, in log_request
    self.log_message('"%s" %s %s',
  File "C:\Users\bulbel\AppData\Local\Programs\Python\Python311\Lib\http\server.py", line 596, in log_message
    sys.stderr.write("%s - - [%s] %s\n" %
OSError: [Errno 22] Invalid argument


Traceback (most recent call last):
  File "D:\桌面\autosub_zh\ui_server.py", line 204, in run_pipeline_job
    manifest = run_pipeline(
               ^^^^^^^^^^^^^
  File "D:\桌面\autosub_zh\pipeline_core.py", line 135, in run_pipeline
    raw_segments = transcribe_audio(
                   ^^^^^^^^^^^^^^^^^
  File "D:\桌面\autosub_zh\asr.py", line 33, in transcribe_audio
    model = WhisperModel(model_name, device=device, compute_type=compute_type)
            ^^^^^^^^^^^^^^^^^^^^^^^^^^^^^^^^^^^^^^^^^^^^^^^^^^^^^^^^^^^^^^^^^^
  File "C:\Users\bulbel\AppData\Local\Programs\Python\Python311\Lib\site-packages\faster_whisper\transcribe.py", line 689, in __init__
    self.model = ctranslate2.models.Whisper(
                 ^^^^^^^^^^^^^^^^^^^^^^^^^^^
ValueError: Invalid compute type: floar16


Traceback (most recent call last):
  File "D:\桌面\autosub_zh\ui_server.py", line 204, in run_pipeline_job
    manifest = run_pipeline(
               ^^^^^^^^^^^^^
  File "D:\桌面\autosub_zh\pipeline_core.py", line 135, in run_pipeline
    raw_segments = transcribe_audio(
                   ^^^^^^^^^^^^^^^^^
  File "D:\桌面\autosub_zh\asr.py", line 47, in transcribe_audio
    for idx, item in enumerate(result_segments, start=1):
  File "C:\Users\bulbel\AppData\Local\Programs\Python\Python311\Lib\site-packages\faster_whisper\transcribe.py", line 1851, in restore_speech_timestamps
    for segment in segments:
  File "C:\Users\bulbel\AppData\Local\Programs\Python\Python311\Lib\site-packages\faster_whisper\transcribe.py", line 1190, in generate_segments
    encoder_output = self.encode(segment)
                     ^^^^^^^^^^^^^^^^^^^^
  File "C:\Users\bulbel\AppData\Local\Programs\Python\Python311\Lib\site-packages\faster_whisper\transcribe.py", line 1400, in encode
    return self.model.encode(features, to_cpu=to_cpu)
           ^^^^^^^^^^^^^^^^^^^^^^^^^^^^^^^^^^^^^^^^^^
RuntimeError: Library cublas64_12.dll is not found or cannot be loaded


Traceback (most recent call last):
  File "D:\桌面\autosub_zh\media.py", line 30, in run_command
    return subprocess.run(
           ^^^^^^^^^^^^^^^
  File "C:\Users\bulbel\AppData\Local\Programs\Python\Python311\Lib\subprocess.py", line 571, in run
    raise CalledProcessError(retcode, process.args,
subprocess.CalledProcessError: Command '['ffmpeg', '-y', '-i', 'D:\\桌面\\autosub_zh\\input\\fern.mp4', '-vn', '-ac', '1', '-ar', '16000', 'D:\\桌面\\autosub_zh\\output\\fern\\fern.wav']' returned non-zero exit status 4294967274.

The above exception was the direct cause of the following exception:

Traceback (most recent call last):
  File "D:\桌面\autosub_zh\ui_server.py", line 204, in run_pipeline_job
    style = BilingualSubtitleStyle(**config["style"])
                   ^^^^^^^^^^^^^^^^^^^^^^^^^^^^^^^^^^
  File "D:\桌面\autosub_zh\pipeline_core.py", line 128, in run_pipeline
    audio_path = extract_audio(processing_video_path, work_dir=output_dir)
                 ^^^^^^^^^^^^^^^^^^^^^^^^^^^^^^^^^^^^^^^^^^^^^^^^^^^^^^^^^
  File "D:\桌面\autosub_zh\media.py", line 102, in extract_audio
    run_command(
  File "D:\桌面\autosub_zh\media.py", line 48, in run_command
    raise RuntimeError(f"Command failed: {command}\n{details}") from exc
RuntimeError: Command failed: ffmpeg -y -i D:\桌面\autosub_zh\input\fern.mp4 -vn -ac 1 -ar 16000 D:\桌面\autosub_zh\output\fern\fern.wav
ffmpeg version 8.1.1-essentials_build-www.gyan.dev Copyright (c) 2000-2026 the FFmpeg developers
  built with gcc 15.2.0 (Rev13, Built by MSYS2 project)
  configuration: --enable-gpl --enable-version3 --enable-static --disable-w32threads --disable-autodetect --enable-cairo --enable-fontconfig --enable-iconv --enable-gnutls --enable-libxml2 --enable-gmp --enable-bzlib --enable-lzma --enable-zlib --enable-libsrt --enable-libssh --enable-libzmq --enable-avisynth --enable-sdl2 --enable-libwebp --enable-libx264 --enable-libx265 --enable-libxvid --enable-libaom --enable-libopenjpeg --enable-libvpx --enable-mediafoundation --enable-libass --enable-libfreetype --enable-libfribidi --enable-libharfbuzz --enable-libvidstab --enable-libvmaf --enable-libzimg --enable-amf --enable-cuda-llvm --enable-cuvid --enable-dxva2 --enable-d3d11va --enable-d3d12va --enable-ffnvcodec --enable-libvpl --enable-nvdec --enable-nvenc --enable-vaapi --enable-openal --enable-libgme --enable-libopenmpt --enable-libopencore-amrwb --enable-libmp3lame --enable-libtheora --enable-libvo-amrwbenc --enable-libgsm --enable-libopencore-amrnb --enable-libopus --enable-libspeex --enable-libvorbis --enable-librubberband
  libavutil      60. 26.101 / 60. 26.101
  libavcodec     62. 28.101 / 62. 28.101
  libavformat    62. 12.101 / 62. 12.101
  libavdevice    62.  3.101 / 62.  3.101
  libavfilter    11. 14.101 / 11. 14.101
  libswscale      9.  5.101 /  9.  5.101
  libswresample   6.  3.101 /  6.  3.101
Input #0, mov,mp4,m4a,3gp,3g2,mj2, from 'D:\桌面\autosub_zh\input\fern.mp4':
  Metadata:
    major_brand     : dash
    minor_version   : 0
    compatible_brands: iso6av01mp41
    creation_time   : 2026-05-04T08:19:18.000000Z
  Duration: 00:30:02.04, start: 0.000000, bitrate: 3135 kb/s
  Stream #0:0[0x1](und): Video: av1 (libaom-av1) (Main) (av01 / 0x31307661), yuv420p(tv, bt709), 3840x1920 [SAR 1:1 DAR 2:1], 5784 kb/s, 25 fps, 25 tbr, 12800 tbn (default)
    Metadata:
      creation_time   : 2026-05-04T08:19:18.000000Z
      handler_name    : ISO Media file produced by Google Inc.
Output #0, wav, to 'D:\桌面\autosub_zh\output\fern\fern.wav':
[out#0/wav @ 00000158ae24e380] Output file does not contain any stream
Error opening output file D:\桌面\autosub_zh\output\fern\fern.wav.
Error opening output files: Invalid argument


Traceback (most recent call last):
  File "D:\桌面\autosub_zh\media.py", line 30, in run_command
    return subprocess.run(
           ^^^^^^^^^^^^^^^
  File "C:\Users\bulbel\AppData\Local\Programs\Python\Python311\Lib\subprocess.py", line 571, in run
    raise CalledProcessError(retcode, process.args,
subprocess.CalledProcessError: Command '['ffmpeg', '-y', '-i', 'D:\\桌面\\autosub_zh\\input\\fern.mp4', '-vn', '-ac', '1', '-ar', '16000', 'D:\\桌面\\autosub_zh\\output\\fern\\fern.wav']' returned non-zero exit status 4294967274.

The above exception was the direct cause of the following exception:

Traceback (most recent call last):
  File "D:\桌面\autosub_zh\ui_server.py", line 204, in run_pipeline_job
    style = BilingualSubtitleStyle(**config["style"])
                   ^^^^^^^^^^^^^^^^^^^^^^^^^^^^^^^^^^
  File "D:\桌面\autosub_zh\pipeline_core.py", line 128, in run_pipeline
    audio_path = extract_audio(processing_video_path, work_dir=output_dir)
                 ^^^^^^^^^^^^^^^^^^^^^^^^^^^^^^^^^^^^^^^^^^^^^^^^^^^^^^^^^
  File "D:\桌面\autosub_zh\media.py", line 102, in extract_audio
    run_command(
  File "D:\桌面\autosub_zh\media.py", line 48, in run_command
    raise RuntimeError(f"Command failed: {command}\n{details}") from exc
RuntimeError: Command failed: ffmpeg -y -i D:\桌面\autosub_zh\input\fern.mp4 -vn -ac 1 -ar 16000 D:\桌面\autosub_zh\output\fern\fern.wav
ffmpeg version 8.1.1-essentials_build-www.gyan.dev Copyright (c) 2000-2026 the FFmpeg developers
  built with gcc 15.2.0 (Rev13, Built by MSYS2 project)
  configuration: --enable-gpl --enable-version3 --enable-static --disable-w32threads --disable-autodetect --enable-cairo --enable-fontconfig --enable-iconv --enable-gnutls --enable-libxml2 --enable-gmp --enable-bzlib --enable-lzma --enable-zlib --enable-libsrt --enable-libssh --enable-libzmq --enable-avisynth --enable-sdl2 --enable-libwebp --enable-libx264 --enable-libx265 --enable-libxvid --enable-libaom --enable-libopenjpeg --enable-libvpx --enable-mediafoundation --enable-libass --enable-libfreetype --enable-libfribidi --enable-libharfbuzz --enable-libvidstab --enable-libvmaf --enable-libzimg --enable-amf --enable-cuda-llvm --enable-cuvid --enable-dxva2 --enable-d3d11va --enable-d3d12va --enable-ffnvcodec --enable-libvpl --enable-nvdec --enable-nvenc --enable-vaapi --enable-openal --enable-libgme --enable-libopenmpt --enable-libopencore-amrwb --enable-libmp3lame --enable-libtheora --enable-libvo-amrwbenc --enable-libgsm --enable-libopencore-amrnb --enable-libopus --enable-libspeex --enable-libvorbis --enable-librubberband
  libavutil      60. 26.101 / 60. 26.101
  libavcodec     62. 28.101 / 62. 28.101
  libavformat    62. 12.101 / 62. 12.101
  libavdevice    62.  3.101 / 62.  3.101
  libavfilter    11. 14.101 / 11. 14.101
  libswscale      9.  5.101 /  9.  5.101
  libswresample   6.  3.101 /  6.  3.101
Input #0, mov,mp4,m4a,3gp,3g2,mj2, from 'D:\桌面\autosub_zh\input\fern.mp4':
  Metadata:
    major_brand     : dash
    minor_version   : 0
    compatible_brands: iso6av01mp41
    creation_time   : 2026-05-04T08:19:18.000000Z
  Duration: 00:30:02.04, start: 0.000000, bitrate: 3135 kb/s
  Stream #0:0[0x1](und): Video: av1 (libaom-av1) (Main) (av01 / 0x31307661), yuv420p(tv, bt709), 3840x1920 [SAR 1:1 DAR 2:1], 5784 kb/s, 25 fps, 25 tbr, 12800 tbn (default)
    Metadata:
      creation_time   : 2026-05-04T08:19:18.000000Z
      handler_name    : ISO Media file produced by Google Inc.
Output #0, wav, to 'D:\桌面\autosub_zh\output\fern\fern.wav':
[out#0/wav @ 000002eaea33e600] Output file does not contain any stream
Error opening output file D:\桌面\autosub_zh\output\fern\fern.wav.
Error opening output files: Invalid argument


Traceback (most recent call last):
  File "D:\桌面\autosub_zh\media.py", line 30, in run_command
    return subprocess.run(
           ^^^^^^^^^^^^^^^
  File "C:\Users\bulbel\AppData\Local\Programs\Python\Python311\Lib\subprocess.py", line 571, in run
    raise CalledProcessError(retcode, process.args,
subprocess.CalledProcessError: Command '['ffmpeg', '-y', '-i', 'D:\\桌面\\autosub_zh\\input\\fern.mp4', '-vn', '-ac', '1', '-ar', '16000', 'D:\\桌面\\autosub_zh\\output\\fern\\fern.wav']' returned non-zero exit status 4294967274.

The above exception was the direct cause of the following exception:

Traceback (most recent call last):
  File "D:\桌面\autosub_zh\ui_server.py", line 263, in run_pipeline_job
    manifest = run_pipeline(
               ^^^^^^^^^^^^^
  File "D:\桌面\autosub_zh\pipeline_core.py", line 142, in run_pipeline
    audio_path = extract_audio(processing_video_path, work_dir=output_dir)
                 ^^^^^^^^^^^^^^^^^^^^^^^^^^^^^^^^^^^^^^^^^^^^^^^^^^^^^^^^^
  File "D:\桌面\autosub_zh\media.py", line 102, in extract_audio
    run_command(
  File "D:\桌面\autosub_zh\media.py", line 48, in run_command
    raise RuntimeError(f"Command failed: {command}\n{details}") from exc
RuntimeError: Command failed: ffmpeg -y -i D:\桌面\autosub_zh\input\fern.mp4 -vn -ac 1 -ar 16000 D:\桌面\autosub_zh\output\fern\fern.wav
ffmpeg version 8.1.1-essentials_build-www.gyan.dev Copyright (c) 2000-2026 the FFmpeg developers
  built with gcc 15.2.0 (Rev13, Built by MSYS2 project)
  configuration: --enable-gpl --enable-version3 --enable-static --disable-w32threads --disable-autodetect --enable-cairo --enable-fontconfig --enable-iconv --enable-gnutls --enable-libxml2 --enable-gmp --enable-bzlib --enable-lzma --enable-zlib --enable-libsrt --enable-libssh --enable-libzmq --enable-avisynth --enable-sdl2 --enable-libwebp --enable-libx264 --enable-libx265 --enable-libxvid --enable-libaom --enable-libopenjpeg --enable-libvpx --enable-mediafoundation --enable-libass --enable-libfreetype --enable-libfribidi --enable-libharfbuzz --enable-libvidstab --enable-libvmaf --enable-libzimg --enable-amf --enable-cuda-llvm --enable-cuvid --enable-dxva2 --enable-d3d11va --enable-d3d12va --enable-ffnvcodec --enable-libvpl --enable-nvdec --enable-nvenc --enable-vaapi --enable-openal --enable-libgme --enable-libopenmpt --enable-libopencore-amrwb --enable-libmp3lame --enable-libtheora --enable-libvo-amrwbenc --enable-libgsm --enable-libopencore-amrnb --enable-libopus --enable-libspeex --enable-libvorbis --enable-librubberband
  libavutil      60. 26.101 / 60. 26.101
  libavcodec     62. 28.101 / 62. 28.101
  libavformat    62. 12.101 / 62. 12.101
  libavdevice    62.  3.101 / 62.  3.101
  libavfilter    11. 14.101 / 11. 14.101
  libswscale      9.  5.101 /  9.  5.101
  libswresample   6.  3.101 /  6.  3.101
Input #0, mov,mp4,m4a,3gp,3g2,mj2, from 'D:\桌面\autosub_zh\input\fern.mp4':
  Metadata:
    major_brand     : dash
    minor_version   : 0
    compatible_brands: iso6av01mp41
    creation_time   : 2026-05-04T08:19:18.000000Z
  Duration: 00:30:02.04, start: 0.000000, bitrate: 3135 kb/s
  Stream #0:0[0x1](und): Video: av1 (libaom-av1) (Main) (av01 / 0x31307661), yuv420p(tv, bt709), 3840x1920 [SAR 1:1 DAR 2:1], 5784 kb/s, 25 fps, 25 tbr, 12800 tbn (default)
    Metadata:
      creation_time   : 2026-05-04T08:19:18.000000Z
      handler_name    : ISO Media file produced by Google Inc.
Output #0, wav, to 'D:\桌面\autosub_zh\output\fern\fern.wav':
[out#0/wav @ 0000021a7dc4e280] Output file does not contain any stream
Error opening output file D:\桌面\autosub_zh\output\fern\fern.wav.
Error opening output files: Invalid argument


Traceback (most recent call last):
  File "D:\桌面\autosub_zh\ui_server.py", line 824, in download_and_optionally_run_job
    video = download_video_from_url(url)
            ^^^^^^^^^^^^^^^^^^^^^^^^^^^^
  File "D:\桌面\autosub_zh\ui_server.py", line 786, in download_video_from_url
    ydl.extract_info(url, download=True)
  File "C:\Users\bulbel\AppData\Local\Programs\Python\Python311\Lib\site-packages\yt_dlp\YoutubeDL.py", line 1687, in extract_info
    return self.__extract_info(url, self.get_info_extractor(key), download, extra_info, process)
           ^^^^^^^^^^^^^^^^^^^^^^^^^^^^^^^^^^^^^^^^^^^^^^^^^^^^^^^^^^^^^^^^^^^^^^^^^^^^^^^^^^^^^
  File "C:\Users\bulbel\AppData\Local\Programs\Python\Python311\Lib\site-packages\yt_dlp\YoutubeDL.py", line 1698, in wrapper
    return func(self, *args, **kwargs)
           ^^^^^^^^^^^^^^^^^^^^^^^^^^^
  File "C:\Users\bulbel\AppData\Local\Programs\Python\Python311\Lib\site-packages\yt_dlp\YoutubeDL.py", line 1854, in __extract_info
    return self.process_ie_result(ie_result, download, extra_info)
           ^^^^^^^^^^^^^^^^^^^^^^^^^^^^^^^^^^^^^^^^^^^^^^^^^^^^^^^
  File "C:\Users\bulbel\AppData\Local\Programs\Python\Python311\Lib\site-packages\yt_dlp\YoutubeDL.py", line 1913, in process_ie_result
    ie_result = self.process_video_result(ie_result, download=download)
                ^^^^^^^^^^^^^^^^^^^^^^^^^^^^^^^^^^^^^^^^^^^^^^^^^^^^^^^
  File "C:\Users\bulbel\AppData\Local\Programs\Python\Python311\Lib\site-packages\yt_dlp\YoutubeDL.py", line 3096, in process_video_result
    self.process_info(new_info)
  File "C:\Users\bulbel\AppData\Local\Programs\Python\Python311\Lib\site-packages\yt_dlp\YoutubeDL.py", line 189, in wrapper
    return func(self, *args, **kwargs)
           ^^^^^^^^^^^^^^^^^^^^^^^^^^^
  File "C:\Users\bulbel\AppData\Local\Programs\Python\Python311\Lib\site-packages\yt_dlp\YoutubeDL.py", line 3526, in process_info
    partial_success, real_download = self.dl(fname, new_info)
                                     ^^^^^^^^^^^^^^^^^^^^^^^^
  File "C:\Users\bulbel\AppData\Local\Programs\Python\Python311\Lib\site-packages\yt_dlp\YoutubeDL.py", line 3285, in dl
    return fd.download(name, new_info, subtitle)
           ^^^^^^^^^^^^^^^^^^^^^^^^^^^^^^^^^^^^^
  File "C:\Users\bulbel\AppData\Local\Programs\Python\Python311\Lib\site-packages\yt_dlp\downloader\common.py", line 480, in download
    ret = self.real_download(filename, info_dict)
          ^^^^^^^^^^^^^^^^^^^^^^^^^^^^^^^^^^^^^^^
  File "C:\Users\bulbel\AppData\Local\Programs\Python\Python311\Lib\site-packages\yt_dlp\downloader\http.py", line 360, in real_download
    for retry in RetryManager(self.params.get('retries'), self.report_retry):
  File "C:\Users\bulbel\AppData\Local\Programs\Python\Python311\Lib\site-packages\yt_dlp\utils\_utils.py", line 5274, in __iter__
    self.error_callback(self.error, self.attempt, self.retries)
  File "C:\Users\bulbel\AppData\Local\Programs\Python\Python311\Lib\site-packages\yt_dlp\downloader\common.py", line 413, in report_retry
    RetryManager.report_retry(
  File "C:\Users\bulbel\AppData\Local\Programs\Python\Python311\Lib\site-packages\yt_dlp\utils\_utils.py", line 5281, in report_retry
    return error(f'{e}. Giving up after {count - 1} retries') if count > 1 else error(str(e))
                                                                                ^^^^^^^^^^^^^
  File "C:\Users\bulbel\AppData\Local\Programs\Python\Python311\Lib\site-packages\yt_dlp\downloader\common.py", line 416, in <lambda>
    error=IDENTITY if not fatal else lambda e: self.report_error(f'\r[download] Got error: {e}'),
                                               ^^^^^^^^^^^^^^^^^^^^^^^^^^^^^^^^^^^^^^^^^^^^^^^^^
  File "C:\Users\bulbel\AppData\Local\Programs\Python\Python311\Lib\site-packages\yt_dlp\YoutubeDL.py", line 1154, in report_error
    self.trouble(f'{self._format_err("ERROR:", self.Styles.ERROR)} {message}', *args, **kwargs)
  File "C:\Users\bulbel\AppData\Local\Programs\Python\Python311\Lib\site-packages\yt_dlp\YoutubeDL.py", line 1093, in trouble
    raise DownloadError(message, exc_info)
yt_dlp.utils.DownloadError: [0;31mERROR:[0m [download] Got error: [WinError 10054] 远程主机强迫关闭了一个现有的连接。


Traceback (most recent call last):
  File "D:\桌面\autosub_zh\ui_server.py", line 852, in run_pipeline_job
    "09_burned_bilingual_preview_60s.mp4",
               ^^^^^^^^^^^^^^^^^^^^^^^^^^^
  File "D:\桌面\autosub_zh\pipeline_core.py", line 407, in run_pipeline
    burn_subtitle(
  File "D:\桌面\autosub_zh\pipeline_core.py", line 91, in burn_subtitle
    run_ffmpeg_command(args, progress_callback=emit_progress if progress_callback else None)
  File "D:\桌面\autosub_zh\media.py", line 171, in run_ffmpeg_command
    raise RuntimeError(f"Command failed: {command}\n{details}")
RuntimeError: Command failed: ffmpeg -progress pipe:1 -nostats -y -i D:\桌面\autosub_zh\input\5.14-yt\a bee's guide to being the universe.mp4 -t 60 -vf ass='C\:/Users/bulbel/AppData/Local/Temp/autosub_zh_burn/08_bilingual_safe.ass' -c:v libx264 -preset medium -crf 25 -pix_fmt yuv420p -c:a copy D:\桌面\autosub_zh\output\a-bee-s-guide-to-being-the-universe\09_burned_bilingual_preview_60s.mp4
ffmpeg version 8.1.1-essentials_build-www.gyan.dev Copyright (c) 2000-2026 the FFmpeg developers
  built with gcc 15.2.0 (Rev13, Built by MSYS2 project)
  configuration: --enable-gpl --enable-version3 --enable-static --disable-w32threads --disable-autodetect --enable-cairo --enable-fontconfig --enable-iconv --enable-gnutls --enable-libxml2 --enable-gmp --enable-bzlib --enable-lzma --enable-zlib --enable-libsrt --enable-libssh --enable-libzmq --enable-avisynth --enable-sdl2 --enable-libwebp --enable-libx264 --enable-libx265 --enable-libxvid --enable-libaom --enable-libopenjpeg --enable-libvpx --enable-mediafoundation --enable-libass --enable-libfreetype --enable-libfribidi --enable-libharfbuzz --enable-libvidstab --enable-libvmaf --enable-libzimg --enable-amf --enable-cuda-llvm --enable-cuvid --enable-dxva2 --enable-d3d11va --enable-d3d12va --enable-ffnvcodec --enable-libvpl --enable-nvdec --enable-nvenc --enable-vaapi --enable-openal --enable-libgme --enable-libopenmpt --enable-libopencore-amrwb --enable-libmp3lame --enable-libtheora --enable-libvo-amrwbenc --enable-libgsm --enable-libopencore-amrnb --enable-libopus --enable-libspeex --enable-libvorbis --enable-librubberband
  libavutil      60. 26.101 / 60. 26.101
  libavcodec     62. 28.101 / 62. 28.101
  libavformat    62. 12.101 / 62. 12.101
  libavdevice    62.  3.101 / 62.  3.101
  libavfilter    11. 14.101 / 11. 14.101
  libswscale      9.  5.101 /  9.  5.101
  libswresample   6.  3.101 /  6.  3.101
Input #0, mov,mp4,m4a,3gp,3g2,mj2, from 'D:\桌面\autosub_zh\input\5.14-yt\a bee's guide to being the universe.mp4':
  Metadata:
    major_brand     : isom
    minor_version   : 512
    compatible_brands: isomav01iso2mp41
    encoder         : Lavf62.12.101
  Duration: 00:03:45.56, start: 0.000000, bitrate: 1338 kb/s
  Stream #0:0[0x1](und): Video: av1 (libaom-av1) (Main) (av01 / 0x31307661), yuv420p(tv, bt709), 1920x1080 [SAR 1:1 DAR 16:9], 1203 kb/s, 30 fps, 30 tbr, 15360 tbn (default)
    Metadata:
      handler_name    : ISO Media file produced by Google Inc.
  Stream #0:1[0x2](eng): Audio: aac (LC) (mp4a / 0x6134706D), 44100 Hz, stereo, fltp, 128 kb/s (default)
    Metadata:
      handler_name    : ISO Media file produced by Google Inc.
[Parsed_ass_0 @ 0000023c7a852a00] libass API version: 0x1704000
[Parsed_ass_0 @ 0000023c7a852a00] libass source: commit: 0.17.4-27-g1cbba0a8818c83495114b3c2b5730410eecbdb2c
[Parsed_ass_0 @ 0000023c7a852a00] Shaper: FriBidi 1.0.16 (SIMPLE) HarfBuzz-ng 14.2.0 (COMPLEX)
[Parsed_ass_0 @ 0000023c7a852a00] Using font provider directwrite (with GDI)
[Parsed_ass_0 @ 0000023c7a852a00] Added subtitle file: 'C:/Users/bulbel/AppData/Local/Temp/autosub_zh_burn/08_bilingual_safe.ass' (3 styles, 68 events)
Stream mapping:
  Stream #0:0 -> #0:0 (av1 (libaom-av1) -> h264 (libx264))
  Stream #0:1 -> #0:1 (copy)
Press [q] to stop, [?] for help
[Parsed_ass_0 @ 0000023c7a8526c0] libass API version: 0x1704000
[Parsed_ass_0 @ 0000023c7a8526c0] libass source: commit: 0.17.4-27-g1cbba0a8818c83495114b3c2b5730410eecbdb2c
[Parsed_ass_0 @ 0000023c7a8526c0] Shaper: FriBidi 1.0.16 (SIMPLE) HarfBuzz-ng 14.2.0 (COMPLEX)
[Parsed_ass_0 @ 0000023c7a8526c0] Using font provider directwrite (with GDI)
[Parsed_ass_0 @ 0000023c7a8526c0] Added subtitle file: 'C:/Users/bulbel/AppData/Local/Temp/autosub_zh_burn/08_bilingual_safe.ass' (3 styles, 68 events)
[libx264 @ 0000023c7df500c0] using SAR=1/1
[libx264 @ 0000023c7df500c0] using cpu capabilities: MMX2 SSE2Fast SSSE3 SSE4.2 AVX FMA3 BMI2 AVX2
[libx264 @ 0000023c7df500c0] profile High, level 4.0, 4:2:0, 8-bit
[libx264 @ 0000023c7df500c0]


